121.13.88.152 - - [08/Jun/2015:02:22:50 -0700] "HEAD /cake_window101045.html HTTP/1.1" 200 - "-" "Mozilla/4.0 (compatible; MSIE8.0; Windows NT 6.0) .NET CLR 2.0.50727)" "www.hoonlir.com"
121.13.88.152 - - [08/Jun/2015:02:22:51 -0700] "GET /cake_window101045.html HTTP/1.1" 200 8034 "-" "Mozilla/4.0 (compatible; MSIE8.0; Windows NT 6.0) .NET CLR 2.0.50727)" "www.hoonlir.com"
121.13.88.152 - - [08/Jun/2015:02:22:52 -0700] "HEAD /cake_foldingptd.html HTTP/1.1" 200 - "-" "Mozilla/4.0 (compatible; MSIE8.0; Windows NT 6.0) .NET CLR 2.0.50727)" "www.hoonlir.com"
121.13.88.152 - - [08/Jun/2015:02:22:52 -0700] "GET /cake_foldingptd.html HTTP/1.1" 200 12009 "-" "Mozilla/4.0 (compatible; MSIE8.0; Windows NT 6.0) .NET CLR 2.0.50727)" "www.hoonlir.com"
121.13.88.152 - - [08/Jun/2015:02:22:53 -0700] "HEAD /cele_pizza.html HTTP/1.1" 200 - "-" "Mozilla/4.0 (compatible; MSIE8.0; Windows NT 6.0) .NET CLR 2.0.50727)" "www.hoonlir.com"
121.13.88.152 - - [08/Jun/2015:02:22:53 -0700] "GET /cele_pizza.html HTTP/1.1" 200 11129 "-" "Mozilla/4.0 (compatible; MSIE8.0; Windows NT 6.0) .NET CLR 2.0.50727)" "www.hoonlir.com"
121.13.88.152 - - [08/Jun/2015:02:22:54 -0700] "HEAD /cele_cupcake6.html HTTP/1.1" 200 - "-" "Mozilla/4.0 (compatible; MSIE8.0; Windows NT 6.0) .NET CLR 2.0.50727)" "www.hoonlir.com"
121.13.88.152 - - [08/Jun/2015:02:22:54 -0700] "GET /cele_cupcake6.html HTTP/1.1" 200 8950 "-" "Mozilla/4.0 (compatible; MSIE8.0; Windows NT 6.0) .NET CLR 2.0.50727)" "www.hoonlir.com"
121.13.88.152 - - [08/Jun/2015:02:22:55 -0700] "HEAD /cele_cupcakeplain.html HTTP/1.1" 200 - "-" "Mozilla/4.0 (compatible; MSIE8.0; Windows NT 6.0) .NET CLR 2.0.50727)" "www.hoonlir.com"
121.13.88.152 - - [08/Jun/2015:02:22:55 -0700] "GET /cele_cupcakeplain.html HTTP/1.1" 200 11240 "-" "Mozilla/4.0 (compatible; MSIE8.0; Windows NT 6.0) .NET CLR 2.0.50727)" "www.hoonlir.com"
121.13.88.152 - - [08/Jun/2015:02:22:56 -0700] "HEAD /cake_handle1054.html HTTP/1.1" 200 0 "-" "Mozilla/4.0 (compatible; MSIE8.0; Windows NT 6.0) .NET CLR 2.0.50727)" "www.hoonlir.com"
121.13.88.152 - - [08/Jun/2015:02:22:56 -0700] "GET /cake_handle1054.html HTTP/1.1" 200 8019 "-" "Mozilla/4.0 (compatible; MSIE8.0; Windows NT 6.0) .NET CLR 2.0.50727)" "www.hoonlir.com"
121.13.88.152 - - [08/Jun/2015:02:22:57 -0700] "HEAD /terms_of_use.html HTTP/1.1" 200 - "-" "Mozilla/4.0 (compatible; MSIE8.0; Windows NT 6.0) .NET CLR 2.0.50727)" "www.hoonlir.com"
121.13.88.152 - - [08/Jun/2015:02:22:57 -0700] "GET /terms_of_use.html HTTP/1.1" 200 10550 "-" "Mozilla/4.0 (compatible; MSIE8.0; Windows NT 6.0) .NET CLR 2.0.50727)" "www.hoonlir.com"
23.229.98.188 - - [08/Jun/2015:02:25:09 -0700] "GET /logs/access.log HTTP/1.1" 200 8406 "http://www.hoonlir.com/" "Mozilla/5.0 (Windows NT 6.1; rv:32.0) Gecko/20100101 Firefox/32.0" "www.hoonlir.com"
31.184.238.128 - - [08/Jun/2015:02:30:35 -0700] "GET /logs/access.log HTTP/1.1" 200 102686 "http://orderclopidogrelonline.over-blog.com" "Mozilla/5.0 (Windows NT 5.1) AppleWebKit/537.36 (KHTML, like Gecko) Chrome/32.0.1700.107 Safari/537.36" "www.hoonlir.com"
93.118.75.65 - - [08/Jun/2015:02:39:01 -0700] "GET /logs/access.log HTTP/1.1" 200 8463 "http://www.hoonlir.com/" "Mozilla/5.0 (Windows NT 6.1; rv:32.0) Gecko/20100101 Firefox/32.0" "www.hoonlir.com"
157.55.39.240 - - [08/Jun/2015:02:45:01 -0700] "GET /robots.txt HTTP/1.1" 200 38 "-" "Mozilla/5.0 (compatible; bingbot/2.0; +http://www.bing.com/bingbot.htm)" "hoonlir.com"
31.184.238.128 - - [08/Jun/2015:02:45:48 -0700] "GET /logs/access.log HTTP/1.1" 200 103318 "http://buysalbutamol2mgfrance.over-blog.com" "Mozilla/5.0 (Windows NT 6.1; WOW64) AppleWebKit/537.36 (KHTML, like Gecko) Chrome/33.0.1750.117 Safari/537.36" "www.hoonlir.com"
23.229.98.188 - - [08/Jun/2015:03:00:36 -0700] "GET /logs/access.log HTTP/1.1" 200 8571 "http://www.hoonlir.com/" "Mozilla/5.0 (Windows NT 6.1; rv:32.0) Gecko/20100101 Firefox/32.0" "www.hoonlir.com"
31.184.238.128 - - [08/Jun/2015:03:01:05 -0700] "GET /logs/access.log HTTP/1.1" 200 103785 "http://www.theknot.com/wedding/ethionamide-and-quick" "Mozilla/5.0 (Windows NT 6.1; WOW64; rv:27.0) Gecko/20100101 Firefox/27.0" "www.hoonlir.com"
23.229.98.188 - - [08/Jun/2015:03:10:47 -0700] "GET /logs/access.log HTTP/1.1" 200 8620 "http://www.hoonlir.com/" "Mozilla/5.0 (Windows NT 6.1; rv:32.0) Gecko/20100101 Firefox/32.0" "www.hoonlir.com"
31.184.238.128 - - [08/Jun/2015:03:16:28 -0700] "GET /logs/access.log HTTP/1.1" 200 104224 "http://gravatar.com/testioviretito" "Mozilla/5.0 (Windows NT 6.1; WOW64) AppleWebKit/537.36 (KHTML, like Gecko) Chrome/33.0.1750.146 Safari/537.36" "www.hoonlir.com"
213.47.217.101 - - [08/Jun/2015:03:25:16 -0700] "GET / HTTP/1.1" 200 1896 "-" "Mozilla/5.0 (Windows NT 6.1; WOW64) AppleWebKit/537.36 (KHTML, like Gecko) Chrome/40.0.2214.115 Safari/537.36" "hoonlir.com"
121.13.88.152 - - [08/Jun/2015:03:25:40 -0700] "HEAD / HTTP/1.1" 200 - "-" "Mozilla/4.0 (compatible; MSIE8.0; Windows NT 6.0) .NET CLR 2.0.50727)" "www.hoonlir.com"
121.13.88.152 - - [08/Jun/2015:03:25:41 -0700] "GET / HTTP/1.1" 200 5846 "-" "Mozilla/4.0 (compatible; MSIE8.0; Windows NT 6.0) .NET CLR 2.0.50727)" "www.hoonlir.com"
121.13.88.152 - - [08/Jun/2015:03:25:43 -0700] "HEAD /contact_us.html HTTP/1.1" 200 - "-" "Mozilla/4.0 (compatible; MSIE8.0; Windows NT 6.0) .NET CLR 2.0.50727)" "www.hoonlir.com"
121.13.88.152 - - [08/Jun/2015:03:25:44 -0700] "GET /contact_us.html HTTP/1.1" 200 6726 "-" "Mozilla/4.0 (compatible; MSIE8.0; Windows NT 6.0) .NET CLR 2.0.50727)" "www.hoonlir.com"
121.13.88.152 - - [08/Jun/2015:03:25:45 -0700] "HEAD /about_us.html HTTP/1.1" 200 - "-" "Mozilla/4.0 (compatible; MSIE8.0; Windows NT 6.0) .NET CLR 2.0.50727)" "www.hoonlir.com"
121.13.88.152 - - [08/Jun/2015:03:25:46 -0700] "GET /about_us.html HTTP/1.1" 200 6652 "-" "Mozilla/4.0 (compatible; MSIE8.0; Windows NT 6.0) .NET CLR 2.0.50727)" "www.hoonlir.com"
121.13.88.152 - - [08/Jun/2015:03:25:46 -0700] "HEAD /contact_us.html HTTP/1.1" 200 - "-" "Mozilla/4.0 (compatible; MSIE8.0; Windows NT 6.0) .NET CLR 2.0.50727)" "www.hoonlir.com"
121.13.88.152 - - [08/Jun/2015:03:25:47 -0700] "GET /contact_us.html HTTP/1.1" 200 6726 "-" "Mozilla/4.0 (compatible; MSIE8.0; Windows NT 6.0) .NET CLR 2.0.50727)" "www.hoonlir.com"
121.13.88.152 - - [08/Jun/2015:03:25:48 -0700] "HEAD /contact_us.html HTTP/1.1" 200 - "-" "Mozilla/4.0 (compatible; MSIE8.0; Windows NT 6.0) .NET CLR 2.0.50727)" "www.hoonlir.com"
121.13.88.152 - - [08/Jun/2015:03:25:48 -0700] "GET /contact_us.html HTTP/1.1" 200 6726 "-" "Mozilla/4.0 (compatible; MSIE8.0; Windows NT 6.0) .NET CLR 2.0.50727)" "www.hoonlir.com"
121.13.88.152 - - [08/Jun/2015:03:25:49 -0700] "HEAD /about_us.html HTTP/1.1" 200 - "-" "Mozilla/4.0 (compatible; MSIE8.0; Windows NT 6.0) .NET CLR 2.0.50727)" "www.hoonlir.com"
121.13.88.152 - - [08/Jun/2015:03:25:49 -0700] "GET /about_us.html HTTP/1.1" 200 6652 "-" "Mozilla/4.0 (compatible; MSIE8.0; Windows NT 6.0) .NET CLR 2.0.50727)" "www.hoonlir.com"
121.13.88.152 - - [08/Jun/2015:03:25:50 -0700] "HEAD /index.html HTTP/1.1" 200 - "-" "Mozilla/4.0 (compatible; MSIE8.0; Windows NT 6.0) .NET CLR 2.0.50727)" "www.hoonlir.com"
121.13.88.152 - - [08/Jun/2015:03:25:51 -0700] "GET /index.html HTTP/1.1" 200 6618 "-" "Mozilla/4.0 (compatible; MSIE8.0; Windows NT 6.0) .NET CLR 2.0.50727)" "www.hoonlir.com"
121.13.88.152 - - [08/Jun/2015:03:25:51 -0700] "HEAD /index.html HTTP/1.1" 200 - "-" "Mozilla/4.0 (compatible; MSIE8.0; Windows NT 6.0) .NET CLR 2.0.50727)" "www.hoonlir.com"
121.13.88.152 - - [08/Jun/2015:03:25:52 -0700] "GET /index.html HTTP/1.1" 200 6618 "-" "Mozilla/4.0 (compatible; MSIE8.0; Windows NT 6.0) .NET CLR 2.0.50727)" "www.hoonlir.com"
121.13.88.152 - - [08/Jun/2015:03:25:52 -0700] "HEAD /cakebox.html HTTP/1.1" 200 - "-" "Mozilla/4.0 (compatible; MSIE8.0; Windows NT 6.0) .NET CLR 2.0.50727)" "www.hoonlir.com"
121.13.88.152 - - [08/Jun/2015:03:25:52 -0700] "GET /cakebox.html HTTP/1.1" 200 7569 "-" "Mozilla/4.0 (compatible; MSIE8.0; Windows NT 6.0) .NET CLR 2.0.50727)" "www.hoonlir.com"
121.13.88.152 - - [08/Jun/2015:03:25:53 -0700] "HEAD /celebration.html HTTP/1.1" 200 - "-" "Mozilla/4.0 (compatible; MSIE8.0; Windows NT 6.0) .NET CLR 2.0.50727)" "www.hoonlir.com"
121.13.88.152 - - [08/Jun/2015:03:25:53 -0700] "GET /celebration.html HTTP/1.1" 200 10313 "-" "Mozilla/4.0 (compatible; MSIE8.0; Windows NT 6.0) .NET CLR 2.0.50727)" "www.hoonlir.com"
121.13.88.152 - - [08/Jun/2015:03:25:54 -0700] "HEAD /festival.html HTTP/1.1" 200 - "-" "Mozilla/4.0 (compatible; MSIE8.0; Windows NT 6.0) .NET CLR 2.0.50727)" "www.hoonlir.com"
121.13.88.152 - - [08/Jun/2015:03:25:54 -0700] "GET /festival.html HTTP/1.1" 200 8163 "-" "Mozilla/4.0 (compatible; MSIE8.0; Windows NT 6.0) .NET CLR 2.0.50727)" "www.hoonlir.com"
121.13.88.152 - - [08/Jun/2015:03:25:55 -0700] "HEAD /our_services.html HTTP/1.1" 200 - "-" "Mozilla/4.0 (compatible; MSIE8.0; Windows NT 6.0) .NET CLR 2.0.50727)" "www.hoonlir.com"
121.13.88.152 - - [08/Jun/2015:03:25:55 -0700] "GET /our_services.html HTTP/1.1" 200 5562 "-" "Mozilla/4.0 (compatible; MSIE8.0; Windows NT 6.0) .NET CLR 2.0.50727)" "www.hoonlir.com"
121.13.88.152 - - [08/Jun/2015:03:25:56 -0700] "HEAD /cake_foldingptd.html HTTP/1.1" 200 - "-" "Mozilla/4.0 (compatible; MSIE8.0; Windows NT 6.0) .NET CLR 2.0.50727)" "www.hoonlir.com"
121.13.88.152 - - [08/Jun/2015:03:25:56 -0700] "GET /cake_foldingptd.html HTTP/1.1" 200 12009 "-" "Mozilla/4.0 (compatible; MSIE8.0; Windows NT 6.0) .NET CLR 2.0.50727)" "www.hoonlir.com"
121.13.88.152 - - [08/Jun/2015:03:25:57 -0700] "HEAD /cele_pizza.html HTTP/1.1" 200 - "-" "Mozilla/4.0 (compatible; MSIE8.0; Windows NT 6.0) .NET CLR 2.0.50727)" "www.hoonlir.com"
121.13.88.152 - - [08/Jun/2015:03:25:58 -0700] "GET /cele_pizza.html HTTP/1.1" 200 11129 "-" "Mozilla/4.0 (compatible; MSIE8.0; Windows NT 6.0) .NET CLR 2.0.50727)" "www.hoonlir.com"
121.13.88.152 - - [08/Jun/2015:03:25:58 -0700] "HEAD /cele_wedding.html HTTP/1.1" 200 - "-" "Mozilla/4.0 (compatible; MSIE8.0; Windows NT 6.0) .NET CLR 2.0.50727)" "www.hoonlir.com"
121.13.88.152 - - [08/Jun/2015:03:25:59 -0700] "GET /cele_wedding.html HTTP/1.1" 200 8829 "-" "Mozilla/4.0 (compatible; MSIE8.0; Windows NT 6.0) .NET CLR 2.0.50727)" "www.hoonlir.com"
121.13.88.152 - - [08/Jun/2015:03:25:59 -0700] "HEAD /mailto:enquiry@hoonlir.com HTTP/1.1" 404 - "-" "Mozilla/4.0 (compatible; MSIE8.0; Windows NT 6.0) .NET CLR 2.0.50727)" "www.hoonlir.com"
121.13.88.152 - - [08/Jun/2015:03:26:10 -0700] "HEAD /cake_foldingptd.html HTTP/1.1" 200 - "-" "Mozilla/4.0 (compatible; MSIE8.0; Windows NT 6.0) .NET CLR 2.0.50727)" "www.hoonlir.com"
121.13.88.152 - - [08/Jun/2015:03:26:10 -0700] "GET /cake_foldingptd.html HTTP/1.1" 200 12009 "-" "Mozilla/4.0 (compatible; MSIE8.0; Windows NT 6.0) .NET CLR 2.0.50727)" "www.hoonlir.com"
121.13.88.152 - - [08/Jun/2015:03:26:11 -0700] "HEAD /cake_handle1054.html HTTP/1.1" 200 - "-" "Mozilla/4.0 (compatible; MSIE8.0; Windows NT 6.0) .NET CLR 2.0.50727)" "www.hoonlir.com"
121.13.88.152 - - [08/Jun/2015:03:26:12 -0700] "GET /cake_handle1054.html HTTP/1.1" 200 8019 "-" "Mozilla/4.0 (compatible; MSIE8.0; Windows NT 6.0) .NET CLR 2.0.50727)" "www.hoonlir.com"
121.13.88.152 - - [08/Jun/2015:03:26:12 -0700] "HEAD /cake_window101045.html HTTP/1.1" 200 - "-" "Mozilla/4.0 (compatible; MSIE8.0; Windows NT 6.0) .NET CLR 2.0.50727)" "www.hoonlir.com"
121.13.88.152 - - [08/Jun/2015:03:26:13 -0700] "GET /cake_window101045.html HTTP/1.1" 200 8034 "-" "Mozilla/4.0 (compatible; MSIE8.0; Windows NT 6.0) .NET CLR 2.0.50727)" "www.hoonlir.com"
121.13.88.152 - - [08/Jun/2015:03:26:14 -0700] "HEAD /cake_foldingptd.html HTTP/1.1" 200 - "-" "Mozilla/4.0 (compatible; MSIE8.0; Windows NT 6.0) .NET CLR 2.0.50727)" "www.hoonlir.com"
121.13.88.152 - - [08/Jun/2015:03:26:14 -0700] "GET /cake_foldingptd.html HTTP/1.1" 200 12009 "-" "Mozilla/4.0 (compatible; MSIE8.0; Windows NT 6.0) .NET CLR 2.0.50727)" "www.hoonlir.com"
121.13.88.152 - - [08/Jun/2015:03:26:15 -0700] "HEAD /cele_pizza.html HTTP/1.1" 200 - "-" "Mozilla/4.0 (compatible; MSIE8.0; Windows NT 6.0) .NET CLR 2.0.50727)" "www.hoonlir.com"
121.13.88.152 - - [08/Jun/2015:03:26:15 -0700] "GET /cele_pizza.html HTTP/1.1" 200 11129 "-" "Mozilla/4.0 (compatible; MSIE8.0; Windows NT 6.0) .NET CLR 2.0.50727)" "www.hoonlir.com"
121.13.88.152 - - [08/Jun/2015:03:26:16 -0700] "HEAD /cele_cupcake6.html HTTP/1.1" 200 - "-" "Mozilla/4.0 (compatible; MSIE8.0; Windows NT 6.0) .NET CLR 2.0.50727)" "www.hoonlir.com"
121.13.88.152 - - [08/Jun/2015:03:26:16 -0700] "GET /cele_cupcake6.html HTTP/1.1" 200 8950 "-" "Mozilla/4.0 (compatible; MSIE8.0; Windows NT 6.0) .NET CLR 2.0.50727)" "www.hoonlir.com"
121.13.88.152 - - [08/Jun/2015:03:26:17 -0700] "HEAD /cele_cupcakeplain.html HTTP/1.1" 200 - "-" "Mozilla/4.0 (compatible; MSIE8.0; Windows NT 6.0) .NET CLR 2.0.50727)" "www.hoonlir.com"
121.13.88.152 - - [08/Jun/2015:03:26:17 -0700] "GET /cele_cupcakeplain.html HTTP/1.1" 200 11240 "-" "Mozilla/4.0 (compatible; MSIE8.0; Windows NT 6.0) .NET CLR 2.0.50727)" "www.hoonlir.com"
121.13.88.152 - - [08/Jun/2015:03:26:18 -0700] "HEAD /cake_handle1054.html HTTP/1.1" 200 - "-" "Mozilla/4.0 (compatible; MSIE8.0; Windows NT 6.0) .NET CLR 2.0.50727)" "www.hoonlir.com"
121.13.88.152 - - [08/Jun/2015:03:26:18 -0700] "GET /cake_handle1054.html HTTP/1.1" 200 8019 "-" "Mozilla/4.0 (compatible; MSIE8.0; Windows NT 6.0) .NET CLR 2.0.50727)" "www.hoonlir.com"
121.13.88.152 - - [08/Jun/2015:03:26:19 -0700] "HEAD /terms_of_use.html HTTP/1.1" 200 - "-" "Mozilla/4.0 (compatible; MSIE8.0; Windows NT 6.0) .NET CLR 2.0.50727)" "www.hoonlir.com"
121.13.88.152 - - [08/Jun/2015:03:26:19 -0700] "GET /terms_of_use.html HTTP/1.1" 200 10550 "-" "Mozilla/4.0 (compatible; MSIE8.0; Windows NT 6.0) .NET CLR 2.0.50727)" "www.hoonlir.com"
91.121.170.189 - - [08/Jun/2015:03:29:32 -0700] "GET /robots.txt HTTP/1.1" 200 38 "-" "Mozilla/5.0 (compatible; MJ12bot/v1.4.5; http://www.majestic12.co.uk/bot.php?+)" "www.hoonlir.com"
91.121.170.189 - - [08/Jun/2015:03:29:37 -0700] "GET /cake_handle101055.html HTTP/1.1" 200 8077 "-" "Mozilla/5.0 (compatible; MJ12bot/v1.4.5; http://www.majestic12.co.uk/bot.php?+)" "www.hoonlir.com"
91.121.170.189 - - [08/Jun/2015:03:29:41 -0700] "GET /cake_handle8855.html HTTP/1.1" 200 2429 "-" "Mozilla/5.0 (compatible; MJ12bot/v1.4.5; http://www.majestic12.co.uk/bot.php?+)" "www.hoonlir.com"
91.121.170.189 - - [08/Jun/2015:03:29:58 -0700] "GET /cake_window884.html HTTP/1.1" 200 2417 "-" "Mozilla/5.0 (compatible; MJ12bot/v1.4.5; http://www.majestic12.co.uk/bot.php?+)" "www.hoonlir.com"
31.184.238.128 - - [08/Jun/2015:03:31:25 -0700] "GET /logs/access.log HTTP/1.1" 200 114384 "http://www.theknot.com/wedding/sale-and-desmopressin" "Mozilla/5.0 (Windows NT 6.3; WOW64; rv:27.0) Gecko/20100101 Firefox/27.0" "www.hoonlir.com"
31.184.238.128 - - [08/Jun/2015:03:46:06 -0700] "GET /logs/access.log HTTP/1.1" 200 114623 "http://www.theknot.com/wedding/requip-and-shipping" "Mozilla/5.0 (Windows NT 6.2; WOW64; rv:27.0) Gecko/20100101 Firefox/27.0" "www.hoonlir.com"
123.125.71.34 - - [08/Jun/2015:03:46:42 -0700] "GET /images/slides_wedding_02.jpg HTTP/1.1" 200 116201 "-" "Baiduspider-image+(+http://www.baidu.com/search/spider.htm)" "www.hoonlir.com"
31.184.238.128 - - [08/Jun/2015:04:01:19 -0700] "GET /logs/access.log HTTP/1.1" 200 115047 "http://1propranolol80mg.aircus.com" "Mozilla/5.0 (Windows NT 5.1) AppleWebKit/537.36 (KHTML, like Gecko) Chrome/32.0.1700.107 Safari/537.36" "www.hoonlir.com"
31.184.238.128 - - [08/Jun/2015:04:16:29 -0700] "GET /logs/access.log HTTP/1.1" 200 115298 "http://www.theknot.com/wedding/mefenamicacid-and-prices" "Mozilla/5.0 (Windows NT 5.1) AppleWebKit/537.36 (KHTML, like Gecko) Chrome/32.0.1700.102 Safari/537.36" "www.hoonlir.com"
31.184.238.128 - - [08/Jun/2015:04:31:30 -0700] "GET /logs/access.log HTTP/1.1" 200 115570 "http://gravatar.com/orderhydrochlorothiazidegr" "Opera/9.80 (Windows NT 6.1; WOW64) Presto/2.12.388 Version/12.16" "www.hoonlir.com"
180.76.15.28 - - [08/Jun/2015:04:45:01 -0700] "GET /cake_window101045.html HTTP/1.1" 200 2410 "-" "Mozilla/5.0 (compatible; Baiduspider/2.0; +http://www.baidu.com/search/spider.html)" "www.hoonlir.com"
31.184.238.128 - - [08/Jun/2015:04:46:25 -0700] "GET /logs/access.log HTTP/1.1" 200 115997 "http://www.theknot.com/wedding/rx-and-lasix" "Mozilla/5.0 (Windows NT 6.1; WOW64) AppleWebKit/537.36 (KHTML, like Gecko) Chrome/33.0.1750.117 Safari/537.36 OPR/20.0.1387.64" "www.hoonlir.com"
86.106.16.217 - - [08/Jun/2015:04:50:40 -0700] "GET /logs/access.log HTTP/1.1" 200 9421 "http://www.hoonlir.com/" "Mozilla/5.0 (Windows NT 6.1; rv:32.0) Gecko/20100101 Firefox/32.0" "www.hoonlir.com"
31.184.238.128 - - [08/Jun/2015:05:01:10 -0700] "GET /logs/access.log HTTP/1.1" 200 116481 "http://gravatar.com/buyetodolac400mg" "Mozilla/5.0 (Windows NT 6.1; WOW64) AppleWebKit/537.36 (KHTML, like Gecko) Chrome/30.0.1599.12785 YaBrowser/13.12.1599.12785 Safari/537.36" "www.hoonlir.com"
192.3.31.94 - - [08/Jun/2015:05:11:12 -0700] "GET /logs/access.log HTTP/1.1" 200 9474 "http://www.hoonlir.com/" "Mozilla/5.0 (Windows NT 6.1; rv:32.0) Gecko/20100101 Firefox/32.0" "www.hoonlir.com"
31.184.238.128 - - [08/Jun/2015:05:15:34 -0700] "GET /logs/access.log HTTP/1.1" 200 116968 "http://www.theknot.com/wedding/topiramate-and-discount" "Mozilla/5.0 (Windows NT 6.1) AppleWebKit/537.36 (KHTML, like Gecko) Chrome/32.0.1700.76 Safari/537.36" "www.hoonlir.com"
23.229.98.188 - - [08/Jun/2015:05:21:09 -0700] "GET /logs/access.log HTTP/1.1" 200 10171 "http://www.hoonlir.com/" "Mozilla/5.0 (Windows NT 6.1; rv:32.0) Gecko/20100101 Firefox/32.0" "www.hoonlir.com"
31.184.238.128 - - [08/Jun/2015:05:30:07 -0700] "GET /logs/access.log HTTP/1.1" 200 117439 "http://www.theknot.com/wedding/quick-and-sucralfate" "Mozilla/5.0 (Windows NT 6.1) AppleWebKit/537.36 (KHTML, like Gecko) Chrome/32.0.1700.76 Safari/537.36" "www.hoonlir.com"
31.184.238.128 - - [08/Jun/2015:05:44:47 -0700] "GET /logs/access.log HTTP/1.1" 200 117706 "http://verapamilgj.forumcircle.com" "Mozilla/5.0 (Macintosh; Intel Mac OS X 10_9_1) AppleWebKit/537.73.11 (KHTML, like Gecko) Version/7.0.1 Safari/537.73.11" "www.hoonlir.com"
157.55.39.91 - - [08/Jun/2015:05:47:23 -0700] "GET /cakebox.html HTTP/1.1" 200 2662 "-" "Mozilla/5.0 (compatible; bingbot/2.0; +http://www.bing.com/bingbot.htm)" "hoonlir.com"
157.55.39.91 - - [08/Jun/2015:05:56:57 -0700] "GET /robots.txt HTTP/1.1" 200 54 "-" "Mozilla/5.0 (compatible; bingbot/2.0; +http://www.bing.com/bingbot.htm)" "hoonlir.com"
157.55.39.91 - - [08/Jun/2015:05:56:57 -0700] "GET /robots.txt HTTP/1.1" 200 54 "-" "Mozilla/5.0 (compatible; bingbot/2.0; +http://www.bing.com/bingbot.htm)" "hoonlir.com"
157.55.39.91 - - [08/Jun/2015:05:56:57 -0700] "GET /styles/layout.css HTTP/1.1" 200 2348 "-" "Mozilla/5.0 (compatible; bingbot/2.0; +http://www.bing.com/bingbot.htm)" "hoonlir.com"
91.121.48.221 - - [08/Jun/2015:05:59:22 -0700] "GET /logs/access.log HTTP/1.1" 200 10347 "http://www.hoonlir.com/" "Mozilla/5.0 (Windows NT 6.1; rv:32.0) Gecko/20100101 Firefox/32.0" "www.hoonlir.com"
31.184.238.128 - - [08/Jun/2015:05:59:37 -0700] "GET /logs/access.log HTTP/1.1" 200 118876 "http://buy-paracetamol-online.aircus.com" "Mozilla/5.0 (Windows NT 6.1) AppleWebKit/537.36 (KHTML, like Gecko) Chrome/33.0.1750.146 Safari/537.36" "www.hoonlir.com"
31.184.238.128 - - [08/Jun/2015:06:14:34 -0700] "GET /logs/access.log HTTP/1.1" 200 119133 "http://www.theknot.com/wedding/without-and-zantac" "Mozilla/5.0 (Windows NT 6.1; rv:26.0) Gecko/20100101 Firefox/26.0" "www.hoonlir.com"
180.180.226.129 - - [08/Jun/2015:06:32:36 -0700] "GET /logs/access.log HTTP/1.1" 200 9788 "http://www.hoonlir.com/" "Mozilla/5.0 (Windows NT 6.1; rv:32.0) Gecko/20100101 Firefox/32.0" "www.hoonlir.com"
107.168.64.198 - - [08/Jun/2015:06:38:33 -0700] "GET /logs/access.log HTTP/1.1" 200 9810 "http://www.hoonlir.com/" "Mozilla/5.0 (Windows NT 5.1; rv:35.0) Gecko/20100101 Firefox/35.0" "www.hoonlir.com"
31.184.238.128 - - [08/Jun/2015:06:43:58 -0700] "GET /logs/access.log HTTP/1.1" 200 119765 "http://piroxicam-20mg-buy-2014.over-blog.com" "Mozilla/5.0 (Windows NT 5.1) AppleWebKit/537.36 (KHTML, like Gecko) Chrome/33.0.1750.146 Safari/537.36" "www.hoonlir.com"
31.184.238.128 - - [08/Jun/2015:07:13:03 -0700] "GET /logs/access.log HTTP/1.1" 200 120026 "http://gravatar.com/b8asynthroid100mg" "Mozilla/5.0 (Windows NT 6.1; rv:26.0) Gecko/20100101 Firefox/26.0" "www.hoonlir.com"
31.184.238.128 - - [08/Jun/2015:07:27:25 -0700] "GET /logs/access.log HTTP/1.1" 200 120243 "http://gravatar.com/tp1indinavir400mg" "Mozilla/5.0 (Windows NT 5.1) AppleWebKit/537.36 (KHTML, like Gecko) Chrome/32.0.1700.102 Safari/537.36" "www.hoonlir.com"
31.184.238.128 - - [08/Jun/2015:07:42:04 -0700] "GET /logs/access.log HTTP/1.1" 200 120497 "http://gravatar.com/tdietodolac300mg" "Mozilla/5.0 (Windows NT 6.3; WOW64; rv:27.0) Gecko/20100101 Firefox/27.0" "www.hoonlir.com"
107.161.85.192 - - [08/Jun/2015:07:47:06 -0700] "GET /logs/access.log HTTP/1.1" 200 9956 "http://www.hoonlir.com/" "Mozilla/5.0 (Windows NT 6.1; rv:32.0) Gecko/20100101 Firefox/32.0" "www.hoonlir.com"
31.184.238.128 - - [08/Jun/2015:07:56:45 -0700] "GET /logs/access.log HTTP/1.1" 200 120921 "http://levothroid50mg2m.forumcircle.com" "Mozilla/5.0 (Windows NT 6.1; WOW64) AppleWebKit/537.36 (KHTML, like Gecko) Chrome/33.0.1750.146 Safari/537.36" "www.hoonlir.com"
107.161.85.139 - - [08/Jun/2015:08:13:05 -0700] "GET /logs/access.log HTTP/1.1" 200 10006 "http://www.hoonlir.com/" "Mozilla/5.0 (Windows NT 5.1; rv:35.0) Gecko/20100101 Firefox/35.0" "www.hoonlir.com"
31.184.238.128 - - [08/Jun/2015:08:25:39 -0700] "GET /logs/access.log HTTP/1.1" 200 121386 "http://aralenscb.forumcircle.com" "Mozilla/5.0 (Windows NT 6.1) AppleWebKit/537.36 (KHTML, like Gecko) Chrome/32.0.1700.76 Safari/537.36" "www.hoonlir.com"
180.76.15.29 - - [08/Jun/2015:08:36:19 -0700] "GET /cake_window884.html HTTP/1.1" 200 2414 "-" "Mozilla/5.0 (compatible; Baiduspider/2.0; +http://www.baidu.com/search/spider.html)" "hoonlir.com"
167.114.129.131 - - [08/Jun/2015:08:37:41 -0700] "GET /logs/access.log HTTP/1.1" 200 10068 "http://www.hoonlir.com/" "Mozilla/5.0 (Windows NT 6.1; rv:32.0) Gecko/20100101 Firefox/32.0" "www.hoonlir.com"
31.184.238.128 - - [08/Jun/2015:08:39:54 -0700] "GET /logs/access.log HTTP/1.1" 200 122032 "http://www.theknot.com/wedding/mestinon-and-without" "Mozilla/5.0 (Windows NT 6.1; WOW64) AppleWebKit/537.36 (KHTML, like Gecko) Chrome/32.0.1700.107 Safari/537.36 OPR/19.0.1326.63" "www.hoonlir.com"
23.94.92.254 - - [08/Jun/2015:08:52:07 -0700] "GET /logs/access.log HTTP/1.1" 200 10134 "http://www.hoonlir.com/" "Mozilla/5.0 (Windows NT 5.1; rv:35.0) Gecko/20100101 Firefox/35.0" "www.hoonlir.com"
38.87.45.143 - - [08/Jun/2015:09:01:20 -0700] "GET /logs/access.log HTTP/1.1" 200 10157 "http://www.hoonlir.com/" "Mozilla/5.0 (Windows NT 5.1; rv:35.0) Gecko/20100101 Firefox/35.0" "www.hoonlir.com"
31.184.238.128 - - [08/Jun/2015:09:07:40 -0700] "GET /logs/access.log HTTP/1.1" 200 122724 "http://5peverapamil.over-blog.com" "Mozilla/5.0 (Windows NT 6.2; WOW64) AppleWebKit/537.36 (KHTML, like Gecko) Chrome/32.0.1700.76 Safari/537.36" "www.hoonlir.com"
31.184.238.128 - - [08/Jun/2015:09:21:48 -0700] "GET /logs/access.log HTTP/1.1" 200 122980 "http://orderdonepezil5mgbe.over-blog.com" "Mozilla/5.0 (Windows NT 6.1; WOW64) AppleWebKit/537.36 (KHTML, like Gecko) Chrome/32.0.1700.76 Safari/537.36" "www.hoonlir.com"
180.76.15.143 - - [08/Jun/2015:09:27:30 -0700] "GET /cele_miniribbon.html HTTP/1.1" 200 2578 "-" "Mozilla/5.0 (compatible; Baiduspider/2.0; +http://www.baidu.com/search/spider.html)" "www.hoonlir.com"
31.184.238.128 - - [08/Jun/2015:09:36:28 -0700] "GET /logs/access.log HTTP/1.1" 200 123444 "http://gravatar.com/tauknokalefunan" "Mozilla/5.0 (Windows NT 6.2; WOW64) AppleWebKit/537.36 (KHTML, like Gecko) Chrome/32.0.1700.107 Safari/537.36" "www.hoonlir.com"
31.184.238.128 - - [08/Jun/2015:09:51:05 -0700] "GET /logs/access.log HTTP/1.1" 200 123703 "http://www.theknot.com/wedding/zyvox-and-guaranteed" "Mozilla/5.0 (Windows NT 6.3; WOW64) AppleWebKit/537.36 (KHTML, like Gecko) Chrome/32.0.1700.76 Safari/537.36" "www.hoonlir.com"
186.247.6.179 - - [08/Jun/2015:09:52:58 -0700] "GET / HTTP/1.1" 200 1896 "http://100dollars-seo.com/try.php?u=http://hoonlir.com" "Mozilla/5.0 (Windows NT 6.1; WOW64) AppleWebKit/537.36 (KHTML, like Gecko) Chrome/32.0.1700.107 Safari/537.36" "hoonlir.com"
186.247.6.179 - - [08/Jun/2015:09:52:58 -0700] "GET /styles/layout.css HTTP/1.1" 200 1868 "http://hoonlir.com/" "Mozilla/5.0 (Windows NT 6.1; WOW64) AppleWebKit/537.36 (KHTML, like Gecko) Chrome/32.0.1700.107 Safari/537.36" "hoonlir.com"
186.247.6.179 - - [08/Jun/2015:09:52:58 -0700] "GET /scripts/jquery.cycle.setup.js HTTP/1.1" 200 315 "http://hoonlir.com/" "Mozilla/5.0 (Windows NT 6.1; WOW64) AppleWebKit/537.36 (KHTML, like Gecko) Chrome/32.0.1700.107 Safari/537.36" "hoonlir.com"
186.247.6.179 - - [08/Jun/2015:09:52:58 -0700] "GET /scripts/jquery-1.4.1.min.js HTTP/1.1" 200 24134 "http://hoonlir.com/" "Mozilla/5.0 (Windows NT 6.1; WOW64) AppleWebKit/537.36 (KHTML, like Gecko) Chrome/32.0.1700.107 Safari/537.36" "hoonlir.com"
186.247.6.179 - - [08/Jun/2015:09:52:58 -0700] "GET /scripts/jquery.cycle.min.js HTTP/1.1" 200 5486 "http://hoonlir.com/" "Mozilla/5.0 (Windows NT 6.1; WOW64) AppleWebKit/537.36 (KHTML, like Gecko) Chrome/32.0.1700.107 Safari/537.36" "hoonlir.com"
186.247.6.179 - - [08/Jun/2015:09:52:58 -0700] "GET /scripts/jquery.slidepanel.setup.js HTTP/1.1" 200 225 "http://hoonlir.com/" "Mozilla/5.0 (Windows NT 6.1; WOW64) AppleWebKit/537.36 (KHTML, like Gecko) Chrome/32.0.1700.107 Safari/537.36" "hoonlir.com"
186.247.6.179 - - [08/Jun/2015:09:52:58 -0700] "GET /styles/navi.css HTTP/1.1" 200 360 "http://hoonlir.com/" "Mozilla/5.0 (Windows NT 6.1; WOW64) AppleWebKit/537.36 (KHTML, like Gecko) Chrome/32.0.1700.107 Safari/537.36" "hoonlir.com"
186.247.6.179 - - [08/Jun/2015:09:52:58 -0700] "GET /styles/featured_slide.css HTTP/1.1" 200 632 "http://hoonlir.com/" "Mozilla/5.0 (Windows NT 6.1; WOW64) AppleWebKit/537.36 (KHTML, like Gecko) Chrome/32.0.1700.107 Safari/537.36" "hoonlir.com"
186.247.6.179 - - [08/Jun/2015:09:52:59 -0700] "GET /images/background_header.png HTTP/1.1" 200 2916 "http://hoonlir.com/" "Mozilla/5.0 (Windows NT 6.1; WOW64) AppleWebKit/537.36 (KHTML, like Gecko) Chrome/32.0.1700.107 Safari/537.36" "hoonlir.com"
186.247.6.179 - - [08/Jun/2015:09:52:59 -0700] "GET /images/header_logo.png HTTP/1.1" 200 11038 "http://hoonlir.com/" "Mozilla/5.0 (Windows NT 6.1; WOW64) AppleWebKit/537.36 (KHTML, like Gecko) Chrome/32.0.1700.107 Safari/537.36" "hoonlir.com"
186.247.6.179 - - [08/Jun/2015:09:52:59 -0700] "GET /images/topnav_a.png HTTP/1.1" 200 2848 "http://hoonlir.com/" "Mozilla/5.0 (Windows NT 6.1; WOW64) AppleWebKit/537.36 (KHTML, like Gecko) Chrome/32.0.1700.107 Safari/537.36" "hoonlir.com"
186.247.6.179 - - [08/Jun/2015:09:52:59 -0700] "GET /images/slides_cakeboxptd2014.jpg HTTP/1.1" 200 359530 "http://hoonlir.com/" "Mozilla/5.0 (Windows NT 6.1; WOW64) AppleWebKit/537.36 (KHTML, like Gecko) Chrome/32.0.1700.107 Safari/537.36" "hoonlir.com"
186.247.6.179 - - [08/Jun/2015:09:52:59 -0700] "GET /images/slides_wedding_02.jpg HTTP/1.1" 200 116201 "http://hoonlir.com/" "Mozilla/5.0 (Windows NT 6.1; WOW64) AppleWebKit/537.36 (KHTML, like Gecko) Chrome/32.0.1700.107 Safari/537.36" "hoonlir.com"
186.247.6.179 - - [08/Jun/2015:09:52:59 -0700] "GET /images/slides_pizza_01.jpg HTTP/1.1" 200 155038 "http://hoonlir.com/" "Mozilla/5.0 (Windows NT 6.1; WOW64) AppleWebKit/537.36 (KHTML, like Gecko) Chrome/32.0.1700.107 Safari/537.36" "hoonlir.com"
186.247.6.179 - - [08/Jun/2015:09:52:59 -0700] "GET /images/slides_newfactory.gif HTTP/1.1" 200 102183 "http://hoonlir.com/" "Mozilla/5.0 (Windows NT 6.1; WOW64) AppleWebKit/537.36 (KHTML, like Gecko) Chrome/32.0.1700.107 Safari/537.36" "hoonlir.com"
186.247.6.179 - - [08/Jun/2015:09:52:59 -0700] "GET /images/footer_worldmap.png HTTP/1.1" 200 23204 "http://hoonlir.com/" "Mozilla/5.0 (Windows NT 6.1; WOW64) AppleWebKit/537.36 (KHTML, like Gecko) Chrome/32.0.1700.107 Safari/537.36" "hoonlir.com"
186.247.6.179 - - [08/Jun/2015:09:52:59 -0700] "GET /images/slide.png HTTP/1.1" 200 231 "http://hoonlir.com/" "Mozilla/5.0 (Windows NT 6.1; WOW64) AppleWebKit/537.36 (KHTML, like Gecko) Chrome/32.0.1700.107 Safari/537.36" "hoonlir.com"
195.154.52.108 - - [08/Jun/2015:09:53:28 -0700] "GET /logs/access.log HTTP/1.1" 200 10626 "http://www.hoonlir.com/" "Mozilla/5.0 (Windows NT 6.1; rv:32.0) Gecko/20100101 Firefox/32.0" "www.hoonlir.com"
31.184.238.128 - - [08/Jun/2015:10:05:28 -0700] "GET /logs/access.log HTTP/1.1" 200 128376 "http://www.theknot.com/wedding/purchasing-chloramphenicol" "Mozilla/5.0 (Windows NT 5.1) AppleWebKit/537.36 (KHTML, like Gecko) Chrome/32.0.1700.76 Safari/537.36" "www.hoonlir.com"
38.87.45.143 - - [08/Jun/2015:10:12:11 -0700] "GET /logs/access.log HTTP/1.1" 200 10684 "http://www.hoonlir.com/" "Mozilla/5.0 (Windows NT 5.1; rv:35.0) Gecko/20100101 Firefox/35.0" "www.hoonlir.com"
31.184.238.128 - - [08/Jun/2015:10:20:15 -0700] "GET /logs/access.log HTTP/1.1" 200 128849 "http://daxavanafil100mg.over-blog.com" "Mozilla/5.0 (Windows NT 6.0) AppleWebKit/537.36 (KHTML, like Gecko) Chrome/32.0.1700.107 Safari/537.36" "www.hoonlir.com"
31.184.238.128 - - [08/Jun/2015:10:35:03 -0700] "GET /logs/access.log HTTP/1.1" 200 129103 "http://a4dostinex.forumcircle.com" "Mozilla/5.0 (Windows NT 6.3; WOW64) AppleWebKit/537.36 (KHTML, like Gecko) Chrome/32.0.1700.102 Safari/537.36" "www.hoonlir.com"
31.184.238.128 - - [08/Jun/2015:10:50:06 -0700] "GET /logs/access.log HTTP/1.1" 200 129360 "http://buy-bimatoprost-3mg-cheap.over-blog.com" "Mozilla/5.0 (Windows NT 6.1) AppleWebKit/537.36 (KHTML, like Gecko) Chrome/30.0.1599.13014 YaBrowser/13.12.1599.13014 Safari/537.36" "www.hoonlir.com"
31.184.238.128 - - [08/Jun/2015:11:05:26 -0700] "GET /logs/access.log HTTP/1.1" 200 129652 "http://vpcefuroxime250mg.forumcircle.com" "Mozilla/5.0 (Windows NT 6.1; WOW64) AppleWebKit/537.36 (KHTML, like Gecko) Chrome/32.0.1700.102 Safari/537.36 OPR/19.0.1326.59" "www.hoonlir.com"
31.184.238.128 - - [08/Jun/2015:11:20:18 -0700] "GET /logs/access.log HTTP/1.1" 200 129933 "http://propecia1mggm.forumcircle.com" "Mozilla/5.0 (Windows NT 5.1) AppleWebKit/537.36 (KHTML, like Gecko) Chrome/32.0.1700.102 Safari/537.36" "www.hoonlir.com"
167.114.115.209 - - [08/Jun/2015:11:23:50 -0700] "GET /logs/access.log HTTP/1.1" 200 10864 "http://www.hoonlir.com/" "Mozilla/5.0 (Windows NT 5.1; rv:35.0) Gecko/20100101 Firefox/35.0" "www.hoonlir.com"
31.184.238.128 - - [08/Jun/2015:11:35:27 -0700] "GET /logs/access.log HTTP/1.1" 200 130389 "http://gravatar.com/ordercefpodoxime200mgonlinequickdelivery" "Mozilla/5.0 (Windows NT 5.1) AppleWebKit/537.36 (KHTML, like Gecko) Chrome/32.0.1700.76 Safari/537.36" "www.hoonlir.com"
31.184.238.128 - - [08/Jun/2015:11:50:44 -0700] "GET /logs/access.log HTTP/1.1" 200 130665 "http://www.theknot.com/wedding/thioridazine-and-prices" "Opera/9.80 (Windows NT 6.1) Presto/2.12.388 Version/12.16" "www.hoonlir.com"
31.184.238.128 - - [08/Jun/2015:12:22:01 -0700] "GET /logs/access.log HTTP/1.1" 200 130891 "http://buy-methocarbamol-online.tumblr.com" "Mozilla/5.0 (Windows NT 6.1; WOW64) AppleWebKit/537.36 (KHTML, like Gecko) Chrome/32.0.1700.107 Safari/537.36 OPR/19.0.1326.63" "www.hoonlir.com"
31.184.238.128 - - [08/Jun/2015:12:37:22 -0700] "GET /logs/access.log HTTP/1.1" 200 131174 "http://www.theknot.com/wedding/buying-esomeprazole" "Mozilla/5.0 (Windows NT 6.3; WOW64) AppleWebKit/537.36 (KHTML, like Gecko) Chrome/32.0.1700.102 Safari/537.36" "www.hoonlir.com"
66.249.65.51 - - [08/Jun/2015:12:43:20 -0700] "GET /images/cel_hand_01.jpg HTTP/1.1" 200 8617 "-" "Googlebot-Image/1.0" "www.hoonlir.com"
83.166.234.33 - - [08/Jun/2015:12:47:14 -0700] "GET /logs/access.log HTTP/1.1" 200 11068 "http://www.hoonlir.com/" "Mozilla/5.0 (Windows NT 6.1; rv:32.0) Gecko/20100101 Firefox/32.0" "www.hoonlir.com"
31.184.238.128 - - [08/Jun/2015:12:52:26 -0700] "GET /logs/access.log HTTP/1.1" 200 131787 "http://www.theknot.com/wedding/avana-and-fast" "Mozilla/5.0 (Windows NT 6.1; WOW64) AppleWebKit/537.36 (KHTML, like Gecko) Chrome/32.0.1700.107 Safari/537.36" "www.hoonlir.com"
31.184.238.128 - - [08/Jun/2015:13:07:36 -0700] "GET /logs/access.log HTTP/1.1" 200 132056 "http://www.theknot.com/wedding/without-and-zyrtec" "Mozilla/5.0 (Windows NT 6.1; WOW64; rv:27.0) Gecko/20100101 Firefox/27.0" "www.hoonlir.com"
23.229.30.164 - - [08/Jun/2015:13:10:39 -0700] "GET /logs/access.log HTTP/1.1" 200 11141 "http://www.hoonlir.com/" "Mozilla/5.0 (Windows NT 6.1; rv:32.0) Gecko/20100101 Firefox/32.0" "www.hoonlir.com"
143.127.128.10 - - [08/Jun/2015:13:18:14 -0700] "GET /logs/access.log HTTP/1.1" 200 11160 "https://www.google.com/" "Mozilla/5.0 (Windows NT 6.1; WOW64) AppleWebKit/537.36 (KHTML, like Gecko) Chrome/43.0.2357.81 Safari/537.36" "www.hoonlir.com"
31.184.238.128 - - [08/Jun/2015:13:22:36 -0700] "GET /logs/access.log HTTP/1.1" 200 132738 "http://gravatar.com/piroxicam20mgj4" "Mozilla/5.0 (Windows NT 6.1) AppleWebKit/537.36 (KHTML, like Gecko) Chrome/32.0.1700.76 Safari/537.36" "www.hoonlir.com"
46.102.98.134 - - [08/Jun/2015:13:35:38 -0700] "GET /logs/access.log HTTP/1.1" 200 11223 "http://www.hoonlir.com/" "Mozilla/5.0 (Windows NT 6.1; rv:32.0) Gecko/20100101 Firefox/32.0" "www.hoonlir.com"
31.184.238.128 - - [08/Jun/2015:13:37:16 -0700] "GET /logs/access.log HTTP/1.1" 200 133190 "http://orderprazosin1mgsg.tumblr.com" "Mozilla/5.0 (Windows NT 6.3; WOW64; rv:27.0) Gecko/20100101 Firefox/27.0" "www.hoonlir.com"
31.184.238.128 - - [08/Jun/2015:13:51:53 -0700] "GET /logs/access.log HTTP/1.1" 200 133413 "http://gravatar.com/libisifulwetal" "Mozilla/5.0 (Windows NT 6.1; WOW64) AppleWebKit/537.36 (KHTML, like Gecko) Chrome/30.0.1599.12785 YaBrowser/13.12.1599.12785 Safari/537.36" "www.hoonlir.com"
31.184.238.128 - - [08/Jun/2015:14:06:33 -0700] "GET /logs/access.log HTTP/1.1" 200 133700 "http://luartane.forumcircle.com" "Mozilla/5.0 (Windows NT 6.3; WOW64) AppleWebKit/537.36 (KHTML, like Gecko) Chrome/32.0.1700.76 Safari/537.36" "www.hoonlir.com"
173.232.96.235 - - [08/Jun/2015:14:16:04 -0700] "GET /logs/access.log HTTP/1.1" 200 11329 "http://www.hoonlir.com/" "Mozilla/5.0 (Windows NT 5.1; rv:35.0) Gecko/20100101 Firefox/35.0" "www.hoonlir.com"
31.184.238.128 - - [08/Jun/2015:14:21:22 -0700] "GET /logs/access.log HTTP/1.1" 200 134156 "http://4pwcilostazol.forumcircle.com" "Mozilla/5.0 (Windows NT 6.1) AppleWebKit/537.36 (KHTML, like Gecko) Chrome/32.0.1700.107 Safari/537.36" "www.hoonlir.com"
31.184.238.128 - - [08/Jun/2015:14:36:32 -0700] "GET /logs/access.log HTTP/1.1" 200 134409 "http://gravatar.com/orderflutamideonlinenoprescription" "Opera/9.80 (Windows NT 6.1; WOW64) Presto/2.12.388 Version/12.16" "www.hoonlir.com"
167.160.107.13 - - [08/Jun/2015:14:46:45 -0700] "GET /logs/access.log HTTP/1.1" 200 11415 "http://www.hoonlir.com/" "Mozilla/5.0 (Windows NT 5.1; rv:35.0) Gecko/20100101 Firefox/35.0" "www.hoonlir.com"
192.99.107.25 - - [08/Jun/2015:14:50:19 -0700] "GET /robots.txt HTTP/1.1" 200 54 "-" "Mozilla/5.0 (compatible; meanpathbot/1.0; +http://www.meanpath.com/meanpathbot.html)" "www.hoonlir.com"
192.99.107.25 - - [08/Jun/2015:14:50:19 -0700] "GET / HTTP/1.1" 200 1896 "-" "Mozilla/5.0 (compatible; meanpathbot/1.0; +http://www.meanpath.com/meanpathbot.html)" "www.hoonlir.com"
31.184.238.128 - - [08/Jun/2015:14:51:53 -0700] "GET /logs/access.log HTTP/1.1" 200 135216 "http://buyesomeprazolefastdelivery.aircus.com" "Mozilla/5.0 (Windows NT 6.1; WOW64) AppleWebKit/537.36 (KHTML, like Gecko) Chrome/32.0.1700.107 Safari/537.36 OPR/19.0.1326.63" "www.hoonlir.com"
198.52.132.204 - - [08/Jun/2015:15:03:01 -0700] "GET /logs/access.log HTTP/1.1" 200 11508 "http://www.hoonlir.com/" "Mozilla/5.0 (Windows NT 6.1; rv:34.0) Gecko/20100101 Firefox/34.0" "www.hoonlir.com"
31.184.238.128 - - [08/Jun/2015:15:07:08 -0700] "GET /logs/access.log HTTP/1.1" 200 135704 "http://www.theknot.com/wedding/phenytoin-and-prices" "Mozilla/5.0 (Windows NT 5.1) AppleWebKit/537.36 (KHTML, like Gecko) Chrome/33.0.1750.146 Safari/537.36" "www.hoonlir.com"
31.184.238.128 - - [08/Jun/2015:15:22:22 -0700] "GET /logs/access.log HTTP/1.1" 200 135972 "http://4clnizoral.forumcircle.com" "Mozilla/5.0 (Windows NT 6.1; WOW64; rv:27.0) Gecko/20100101 Firefox/27.0" "www.hoonlir.com"
31.184.238.128 - - [08/Jun/2015:15:37:49 -0700] "GET /logs/access.log HTTP/1.1" 200 136192 "http://www.theknot.com/wedding/estrace-and-guaranteed" "Mozilla/5.0 (Windows NT 6.2; WOW64) AppleWebKit/537.36 (KHTML, like Gecko) Chrome/32.0.1700.76 Safari/537.36" "www.hoonlir.com"
31.184.238.128 - - [08/Jun/2015:15:53:14 -0700] "GET /logs/access.log HTTP/1.1" 200 136468 "http://gravatar.com/decteunonnacicol" "Mozilla/5.0 (Windows NT 6.3; WOW64) AppleWebKit/537.36 (KHTML, like Gecko) Chrome/33.0.1750.146 Safari/537.36" "www.hoonlir.com"
157.55.39.241 - - [08/Jun/2015:15:54:25 -0700] "GET / HTTP/1.1" 200 1896 "-" "Mozilla/5.0 (compatible; bingbot/2.0; +http://www.bing.com/bingbot.htm)" "hoonlir.com"
190.0.106.82 - - [08/Jun/2015:16:15:41 -0700] "GET / HTTP/1.1" 200 1896 "http://100dollars-seo.com/try.php?u=http://hoonlir.com" "Mozilla/5.0 (Windows NT 6.1; WOW64) AppleWebKit/537.36 (KHTML, like Gecko) Chrome/32.0.1700.107 Safari/537.36" "hoonlir.com"
190.0.106.82 - - [08/Jun/2015:16:15:41 -0700] "GET /styles/layout.css HTTP/1.1" 200 1868 "http://hoonlir.com/" "Mozilla/5.0 (Windows NT 6.1; WOW64) AppleWebKit/537.36 (KHTML, like Gecko) Chrome/32.0.1700.107 Safari/537.36" "hoonlir.com"
190.0.106.82 - - [08/Jun/2015:16:15:42 -0700] "GET /scripts/jquery.cycle.setup.js HTTP/1.1" 200 315 "http://hoonlir.com/" "Mozilla/5.0 (Windows NT 6.1; WOW64) AppleWebKit/537.36 (KHTML, like Gecko) Chrome/32.0.1700.107 Safari/537.36" "hoonlir.com"
190.0.106.82 - - [08/Jun/2015:16:15:42 -0700] "GET /scripts/jquery.cycle.min.js HTTP/1.1" 200 5486 "http://hoonlir.com/" "Mozilla/5.0 (Windows NT 6.1; WOW64) AppleWebKit/537.36 (KHTML, like Gecko) Chrome/32.0.1700.107 Safari/537.36" "hoonlir.com"
190.0.106.82 - - [08/Jun/2015:16:15:42 -0700] "GET /scripts/jquery.slidepanel.setup.js HTTP/1.1" 200 225 "http://hoonlir.com/" "Mozilla/5.0 (Windows NT 6.1; WOW64) AppleWebKit/537.36 (KHTML, like Gecko) Chrome/32.0.1700.107 Safari/537.36" "hoonlir.com"
190.0.106.82 - - [08/Jun/2015:16:15:42 -0700] "GET /styles/navi.css HTTP/1.1" 200 360 "http://hoonlir.com/" "Mozilla/5.0 (Windows NT 6.1; WOW64) AppleWebKit/537.36 (KHTML, like Gecko) Chrome/32.0.1700.107 Safari/537.36" "hoonlir.com"
190.0.106.82 - - [08/Jun/2015:16:15:42 -0700] "GET /styles/featured_slide.css HTTP/1.1" 200 632 "http://hoonlir.com/" "Mozilla/5.0 (Windows NT 6.1; WOW64) AppleWebKit/537.36 (KHTML, like Gecko) Chrome/32.0.1700.107 Safari/537.36" "hoonlir.com"
190.0.106.82 - - [08/Jun/2015:16:15:43 -0700] "GET /images/header_logo.png HTTP/1.1" 200 11038 "http://hoonlir.com/" "Mozilla/5.0 (Windows NT 6.1; WOW64) AppleWebKit/537.36 (KHTML, like Gecko) Chrome/32.0.1700.107 Safari/537.36" "hoonlir.com"
190.0.106.82 - - [08/Jun/2015:16:15:43 -0700] "GET /images/background_header.png HTTP/1.1" 200 2916 "http://hoonlir.com/" "Mozilla/5.0 (Windows NT 6.1; WOW64) AppleWebKit/537.36 (KHTML, like Gecko) Chrome/32.0.1700.107 Safari/537.36" "hoonlir.com"
190.0.106.82 - - [08/Jun/2015:16:15:43 -0700] "GET /images/topnav_a.png HTTP/1.1" 200 2848 "http://hoonlir.com/" "Mozilla/5.0 (Windows NT 6.1; WOW64) AppleWebKit/537.36 (KHTML, like Gecko) Chrome/32.0.1700.107 Safari/537.36" "hoonlir.com"
190.0.106.82 - - [08/Jun/2015:16:15:43 -0700] "GET /images/slides_cakeboxptd2014.jpg HTTP/1.1" 200 359530 "http://hoonlir.com/" "Mozilla/5.0 (Windows NT 6.1; WOW64) AppleWebKit/537.36 (KHTML, like Gecko) Chrome/32.0.1700.107 Safari/537.36" "hoonlir.com"
190.0.106.82 - - [08/Jun/2015:16:15:43 -0700] "GET /images/slides_wedding_02.jpg HTTP/1.1" 200 116201 "http://hoonlir.com/" "Mozilla/5.0 (Windows NT 6.1; WOW64) AppleWebKit/537.36 (KHTML, like Gecko) Chrome/32.0.1700.107 Safari/537.36" "hoonlir.com"
190.0.106.82 - - [08/Jun/2015:16:15:43 -0700] "GET /images/slides_newfactory.gif HTTP/1.1" 200 102183 "http://hoonlir.com/" "Mozilla/5.0 (Windows NT 6.1; WOW64) AppleWebKit/537.36 (KHTML, like Gecko) Chrome/32.0.1700.107 Safari/537.36" "hoonlir.com"
190.0.106.82 - - [08/Jun/2015:16:15:43 -0700] "GET /images/footer_worldmap.png HTTP/1.1" 200 23204 "http://hoonlir.com/" "Mozilla/5.0 (Windows NT 6.1; WOW64) AppleWebKit/537.36 (KHTML, like Gecko) Chrome/32.0.1700.107 Safari/537.36" "hoonlir.com"
190.0.106.82 - - [08/Jun/2015:16:15:43 -0700] "GET /images/slide.png HTTP/1.1" 200 231 "http://hoonlir.com/" "Mozilla/5.0 (Windows NT 6.1; WOW64) AppleWebKit/537.36 (KHTML, like Gecko) Chrome/32.0.1700.107 Safari/537.36" "hoonlir.com"
31.184.238.128 - - [08/Jun/2015:16:24:20 -0700] "GET /logs/access.log HTTP/1.1" 200 140577 "http://gravatar.com/olmesartanlty" "Mozilla/5.0 (Windows NT 6.1; WOW64; rv:26.0) Gecko/20100101 Firefox/26.0" "www.hoonlir.com"
31.184.238.128 - - [08/Jun/2015:16:40:19 -0700] "GET /logs/access.log HTTP/1.1" 200 140797 "http://e0benicar20mg.forumcircle.com" "Mozilla/5.0 (Windows NT 5.1) AppleWebKit/537.36 (KHTML, like Gecko) Chrome/32.0.1700.107 Safari/537.36" "www.hoonlir.com"
5.56.60.47 - - [08/Jun/2015:16:40:45 -0700] "GET /wp-config.php_old HTTP/1.1" 404 73 "-" "Mozilla/5.0 (Macintosh; U; Intel Mac OS X 10.6; fr; rv:1.9.2.8) Gecko/20100722 Firefox/3.6.8" "hoonlir.com"
31.184.238.128 - - [08/Jun/2015:16:56:01 -0700] "GET /logs/access.log HTTP/1.1" 200 141248 "http://buyacetazolamideireland.tumblr.com" "Mozilla/5.0 (Windows NT 6.3; WOW64) AppleWebKit/537.36 (KHTML, like Gecko) Chrome/32.0.1700.107 Safari/537.36" "www.hoonlir.com"
92.2.37.83 - - [08/Jun/2015:17:01:41 -0700] "GET /logs/access.log HTTP/1.1" 200 11915 "http://www.hoonlir.com/" "Mozilla/5.0 (Windows NT 6.1; rv:34.0) Gecko/20100101 Firefox/34.0" "www.hoonlir.com"
37.35.161.13 - - [08/Jun/2015:17:07:27 -0700] "GET /logs/access.log HTTP/1.1" 200 11938 "http://www.hoonlir.com/" "Mozilla/5.0 (Windows NT 6.1; rv:34.0) Gecko/20100101 Firefox/34.0" "www.hoonlir.com"
31.184.238.128 - - [08/Jun/2015:17:11:58 -0700] "GET /logs/access.log HTTP/1.1" 200 141911 "http://www.theknot.com/wedding/grifulvin-and-prices" "Mozilla/5.0 (Windows NT 5.1) AppleWebKit/537.36 (KHTML, like Gecko) Chrome/33.0.1750.117 Safari/537.36" "www.hoonlir.com"
31.184.238.128 - - [08/Jun/2015:17:27:57 -0700] "GET /logs/access.log HTTP/1.1" 200 142179 "http://gravatar.com/buystendra100mg2015" "Mozilla/5.0 (Windows NT 6.1) AppleWebKit/537.36 (KHTML, like Gecko) Chrome/33.0.1750.117 Safari/537.36" "www.hoonlir.com"
167.114.129.131 - - [08/Jun/2015:17:30:14 -0700] "GET /logs/access.log HTTP/1.1" 200 12013 "http://www.hoonlir.com/" "Mozilla/5.0 (Windows NT 6.1; rv:32.0) Gecko/20100101 Firefox/32.0" "www.hoonlir.com"
31.184.238.128 - - [08/Jun/2015:17:43:40 -0700] "GET /logs/access.log HTTP/1.1" 200 142638 "http://metformin-1000mg-buy.over-blog.com" "Opera/9.80 (Windows NT 6.1; Win64; x64) Presto/2.12.388 Version/12.16" "www.hoonlir.com"
180.180.97.29 - - [08/Jun/2015:17:48:57 -0700] "GET /logs/access.log HTTP/1.1" 200 12066 "http://www.hoonlir.com/" "Mozilla/5.0 (Windows NT 6.1; rv:34.0) Gecko/20100101 Firefox/34.0" "www.hoonlir.com"
106.38.241.107 - - [08/Jun/2015:17:55:00 -0700] "GET /robots.txt HTTP/1.1" 200 38 "-" "Sogou web spider/4.0(+http://www.sogou.com/docs/help/webmasters.htm#07)" "www.hoonlir.com"
106.38.241.107 - - [08/Jun/2015:17:55:07 -0700] "GET / HTTP/1.1" 200 1896 "-" "Mozilla/5.0 (X11; Linux x86_64) AppleWebKit/534.34 (KHTML, like Gecko) Qt/4.8.1 Safari/534.34" "www.hoonlir.com"
106.38.241.107 - - [08/Jun/2015:17:55:07 -0700] "GET /styles/layout.css HTTP/1.1" 200 1868 "http://www.hoonlir.com/" "Mozilla/5.0 (X11; Linux x86_64) AppleWebKit/534.34 (KHTML, like Gecko) Qt/4.8.1 Safari/534.34" "www.hoonlir.com"
106.38.241.107 - - [08/Jun/2015:17:55:08 -0700] "GET /scripts/jquery.cycle.min.js HTTP/1.1" 200 5486 "http://www.hoonlir.com/" "Mozilla/5.0 (X11; Linux x86_64) AppleWebKit/534.34 (KHTML, like Gecko) Qt/4.8.1 Safari/534.34" "www.hoonlir.com"
106.38.241.107 - - [08/Jun/2015:17:55:08 -0700] "GET /scripts/jquery.slidepanel.setup.js HTTP/1.1" 200 719 "http://www.hoonlir.com/" "Mozilla/5.0 (X11; Linux x86_64) AppleWebKit/534.34 (KHTML, like Gecko) Qt/4.8.1 Safari/534.34" "www.hoonlir.com"
106.38.241.107 - - [08/Jun/2015:17:55:08 -0700] "GET /styles/navi.css HTTP/1.1" 200 841 "http://www.hoonlir.com/" "Mozilla/5.0 (X11; Linux x86_64) AppleWebKit/534.34 (KHTML, like Gecko) Qt/4.8.1 Safari/534.34" "www.hoonlir.com"
106.38.241.107 - - [08/Jun/2015:17:55:08 -0700] "GET /styles/featured_slide.css HTTP/1.1" 200 632 "http://www.hoonlir.com/" "Mozilla/5.0 (X11; Linux x86_64) AppleWebKit/534.34 (KHTML, like Gecko) Qt/4.8.1 Safari/534.34" "www.hoonlir.com"
106.38.241.107 - - [08/Jun/2015:17:55:13 -0700] "GET /images/header_logo.png HTTP/1.1" 200 11038 "http://www.hoonlir.com/" "Mozilla/5.0 (X11; Linux x86_64) AppleWebKit/534.34 (KHTML, like Gecko) Qt/4.8.1 Safari/534.34" "www.hoonlir.com"
106.38.241.107 - - [08/Jun/2015:17:55:13 -0700] "GET /images/slides_pizza_01.jpg HTTP/1.1" 200 155038 "http://www.hoonlir.com/" "Mozilla/5.0 (X11; Linux x86_64) AppleWebKit/534.34 (KHTML, like Gecko) Qt/4.8.1 Safari/534.34" "www.hoonlir.com"
106.38.241.107 - - [08/Jun/2015:17:55:13 -0700] "GET /images/background_header.png HTTP/1.1" 200 2916 "http://www.hoonlir.com/" "Mozilla/5.0 (X11; Linux x86_64) AppleWebKit/534.34 (KHTML, like Gecko) Qt/4.8.1 Safari/534.34" "www.hoonlir.com"
106.38.241.107 - - [08/Jun/2015:17:55:13 -0700] "GET /images/topnav_a.png HTTP/1.1" 200 2848 "http://www.hoonlir.com/" "Mozilla/5.0 (X11; Linux x86_64) AppleWebKit/534.34 (KHTML, like Gecko) Qt/4.8.1 Safari/534.34" "www.hoonlir.com"
106.38.241.107 - - [08/Jun/2015:17:55:13 -0700] "GET /images/slides_cakeboxptd2014.jpg HTTP/1.1" 200 359530 "http://www.hoonlir.com/" "Mozilla/5.0 (X11; Linux x86_64) AppleWebKit/534.34 (KHTML, like Gecko) Qt/4.8.1 Safari/534.34" "www.hoonlir.com"
106.38.241.107 - - [08/Jun/2015:17:55:14 -0700] "GET /images/slides_newfactory.gif HTTP/1.1" 200 102183 "http://www.hoonlir.com/" "Mozilla/5.0 (X11; Linux x86_64) AppleWebKit/534.34 (KHTML, like Gecko) Qt/4.8.1 Safari/534.34" "www.hoonlir.com"
106.38.241.107 - - [08/Jun/2015:17:55:14 -0700] "GET /images/slide.png HTTP/1.1" 200 231 "http://www.hoonlir.com/" "Mozilla/5.0 (X11; Linux x86_64) AppleWebKit/534.34 (KHTML, like Gecko) Qt/4.8.1 Safari/534.34" "www.hoonlir.com"
31.184.238.128 - - [08/Jun/2015:17:59:18 -0700] "GET /logs/access.log HTTP/1.1" 200 146294 "http://order-tretinoin.tumblr.com" "Mozilla/5.0 (Windows NT 6.1) AppleWebKit/537.36 (KHTML, like Gecko) Chrome/32.0.1700.76 Safari/537.36" "www.hoonlir.com"
86.106.16.217 - - [08/Jun/2015:18:09:27 -0700] "GET /logs/access.log HTTP/1.1" 200 146543 "http://www.hoonlir.com/" "Mozilla/5.0 (Windows NT 6.1; rv:32.0) Gecko/20100101 Firefox/32.0" "www.hoonlir.com"
31.184.238.128 - - [08/Jun/2015:18:15:08 -0700] "GET /logs/access.log HTTP/1.1" 200 146745 "http://etoricoxib-order-discount.over-blog.com" "Mozilla/5.0 (Windows NT 6.1; WOW64) AppleWebKit/537.36 (KHTML, like Gecko) Chrome/33.0.1750.117 Safari/537.36 OPR/20.0.1387.64" "www.hoonlir.com"
23.229.30.164 - - [08/Jun/2015:18:21:28 -0700] "GET /logs/access.log HTTP/1.1" 200 12343 "http://www.hoonlir.com/" "Mozilla/5.0 (Windows NT 6.1; rv:32.0) Gecko/20100101 Firefox/32.0" "www.hoonlir.com"
31.184.238.128 - - [08/Jun/2015:18:31:06 -0700] "GET /logs/access.log HTTP/1.1" 200 147233 "http://pnindomethacin.over-blog.com" "Mozilla/5.0 (Windows NT 6.1; WOW64) AppleWebKit/537.36 (KHTML, like Gecko) Chrome/32.0.1700.102 Safari/537.36" "www.hoonlir.com"
108.61.166.81 - - [08/Jun/2015:18:32:41 -0700] "GET /logs/access.log HTTP/1.1" 200 12379 "http://www.hoonlir.com/" "Mozilla/5.0 (Windows NT 5.1; rv:35.0) Gecko/20100101 Firefox/35.0" "www.hoonlir.com"
155.133.18.24 - - [08/Jun/2015:18:49:36 -0700] "GET /logs/access.log HTTP/1.1" 200 12399 "http://www.hoonlir.com/" "Mozilla/5.0 (Windows NT 6.1; rv:32.0) Gecko/20100101 Firefox/32.0" "www.hoonlir.com"
157.55.39.240 - - [08/Jun/2015:19:08:58 -0700] "GET /robots.txt HTTP/1.1" 200 38 "-" "Mozilla/5.0 (compatible; bingbot/2.0; +http://www.bing.com/bingbot.htm)" "www.hoonlir.com"
157.55.39.240 - - [08/Jun/2015:19:15:35 -0700] "GET /contact_us.html HTTP/1.1" 200 2130 "-" "Mozilla/5.0 (compatible; bingbot/2.0; +http://www.bing.com/bingbot.htm)" "www.hoonlir.com"
157.55.39.240 - - [08/Jun/2015:19:15:36 -0700] "GET /cake_foldingptd.html HTTP/1.1" 200 2660 "-" "Mozilla/5.0 (compatible; bingbot/2.0; +http://www.bing.com/bingbot.htm)" "www.hoonlir.com"
157.55.39.240 - - [08/Jun/2015:19:15:36 -0700] "GET / HTTP/1.1" 200 1896 "-" "Mozilla/5.0 (compatible; bingbot/2.0; +http://www.bing.com/bingbot.htm)" "www.hoonlir.com"
31.184.238.128 - - [08/Jun/2015:19:19:25 -0700] "GET /logs/access.log HTTP/1.1" 200 148613 "http://www.theknot.com/wedding/floxin-and-rx-16" "Mozilla/5.0 (Windows NT 6.1) AppleWebKit/537.36 (KHTML, like Gecko) Chrome/32.0.1700.102 Safari/537.36" "www.hoonlir.com"
223.81.200.3 - - [08/Jun/2015:19:31:12 -0700] "GET / HTTP/1.1" 200 5846 "-" "Mozilla/4.0 (compatible; MSIE8.0; Windows NT 6.0) .NET CLR 2.0.50727)" "www.hoonlir.com"
38.87.45.143 - - [08/Jun/2015:20:03:33 -0700] "GET /logs/access.log HTTP/1.1" 200 12571 "http://www.hoonlir.com/" "Mozilla/5.0 (Windows NT 5.1; rv:35.0) Gecko/20100101 Firefox/35.0" "www.hoonlir.com"
188.116.54.8 - - [08/Jun/2015:20:12:23 -0700] "GET /logs/access.log HTTP/1.1" 200 12588 "http://www.hoonlir.com/" "Mozilla/5.0 (Windows NT 6.0; rv:34.0) Gecko/20100101 Firefox/34.0" "www.hoonlir.com"
167.114.129.131 - - [08/Jun/2015:20:18:07 -0700] "GET /logs/access.log HTTP/1.1" 200 12611 "http://www.hoonlir.com/" "Mozilla/5.0 (Windows NT 6.1; rv:32.0) Gecko/20100101 Firefox/32.0" "www.hoonlir.com"
